// Jest Snapshot v1, https://goo.gl/fbAQLP

exports[`Test the snapshot of the profile page should match the snapshot 1`] = `ShallowWrapper {}`;
