// Jest Snapshot v1, https://goo.gl/fbAQLP

exports[`Test the table row should match snapshot 1`] = `ShallowWrapper {}`;
