// Jest Snapshot v1, https://goo.gl/fbAQLP

exports[`testing the button element should mount button 1`] = `
.c0 {
  width: 100%;
  line-height: 1.3;
  padding: 1rem;
  height: 3.5rem;
  border: 0.1rem solid #b3aaaa;
  border-radius: 0.5rem;
  cursor: auto;
  display: inline-block;
  outline: none;
}

.c0::-webkit-input-placeholder {
  opacity: 0.5;
}

.c0::-moz-placeholder {
  opacity: 0.5;
}

.c0:-ms-input-placeholder {
  opacity: 0.5;
}

.c0::placeholder {
  opacity: 0.5;
}

<input
  className="c0"
/>
`;
