// Jest Snapshot v1, https://goo.gl/fbAQLP

exports[`Test the snapshot of the logout page should match the snapshot 1`] = `ShallowWrapper {}`;
