// Jest Snapshot v1, https://goo.gl/fbAQLP

exports[`testing the button element should mount button 1`] = `
.c0 {
  -webkit-flex: 1;
  -ms-flex: 1;
  flex: 1;
  background-position: center center;
  background-size: cover;
  overflow: auto;
}

<main
  className="c0"
/>
`;
