// Jest Snapshot v1, https://goo.gl/fbAQLP

exports[`testing the button element should mount button 1`] = `
.c0 {
  position: absolute;
  top: 40%;
  left: 40%;
  z-index: 100;
}

<img
  className="c0"
/>
`;
