// Jest Snapshot v1, https://goo.gl/fbAQLP

exports[`signup form component should match the snap shot 1`] = `ShallowWrapper {}`;
